MULTI-CORE TEST  N=2 cores  flood inflight=1200 junk=93%  loopback  2026-07-26T11:01:46Z
relay cores=0,1 sink=20 loadgen=21,22,23,24  ports r=127.0.0.1:31000-31015 s=31116 (span=16) inflight=1200

>>> netpoll : 2 cores, flood inflight=1200 junk=93%
   2 cores: CPU=2.18 cores used, conn/s=61,421 (junk=1,085,624 real=81,432 errs=0)
   conn/s per core used = 28,175
     Go scheduler                         2.2%  #
     kernel lock contention (osq/spin)    4.1%  ##
     netpoller/epoll                      1.2%  
     syscall transition                   5.9%  ##
     io_uring                             0.0%  
     GC                                   1.9%  
     kernel TCP/net                      66.2%  #################################
     relay code                          16.8%  ########
     other                                1.1%  

>>> uring : 2 cores, flood inflight=1200 junk=93%
   2 cores: CPU=2.18 cores used, conn/s=109,361 (junk=1,933,035 real=144,899 errs=0)
   conn/s per core used = 50,166
     Go scheduler                         0.3%  
     kernel lock contention (osq/spin)    7.1%  ###
     netpoller/epoll                      0.0%  
     syscall transition                   0.3%  
     io_uring                             0.0%  
     GC                                   0.1%  
     kernel TCP/net                      87.0%  ###########################################
     relay code                           3.1%  #
     other                                1.7%  
=== results in /root/dev/flash-relay/research/gate/results/sat-fast-110048/n2 ===
