MULTI-CORE TEST  N=20 cores  flood inflight=1200 junk=93%  loopback  2026-07-26T11:05:27Z
relay cores=0,1,2,3,4,5,6,7,8,9,10,11,12,13,14,15,16,17,18,19 sink=20 loadgen=21,22,23,24,25,26,27,28,29,30,31,32,33,34,35,36,37,38,39  ports r=127.0.0.1:31000-31015 s=31116 (span=16) inflight=1200

>>> netpoll : 20 cores, flood inflight=1200 junk=93%
   20 cores: CPU=21.03 cores used, conn/s=271,033 (junk=4,789,367 real=360,367 errs=0)
   conn/s per core used = 12,888
     Go scheduler                         1.2%  
     kernel lock contention (osq/spin)   42.1%  #####################
     netpoller/epoll                      1.0%  
     syscall transition                   3.3%  #
     io_uring                             0.0%  
     GC                                   1.4%  
     kernel TCP/net                      40.3%  ####################
     relay code                           9.7%  ####
     other                                0.4%  

>>> uring : 20 cores, flood inflight=1200 junk=93%
   20 cores: CPU=16.34 cores used, conn/s=407,016 (junk=7,191,588 real=541,767 errs=0)
   conn/s per core used = 24,909
     Go scheduler                         0.6%  
     kernel lock contention (osq/spin)   14.4%  #######
     netpoller/epoll                      0.0%  
     syscall transition                   1.2%  
     io_uring                             0.1%  
     GC                                   0.0%  
     kernel TCP/net                      79.7%  #######################################
     relay code                           2.8%  #
     other                                0.8%  
=== results in /root/dev/flash-relay/research/gate/results/sat-fast-110048/n20 ===
