MULTI-CORE TEST  N=4 cores  flood inflight=1200 junk=93%  loopback  2026-07-26T11:02:40Z
relay cores=0,1,2,3 sink=20 loadgen=21,22,23,24,25,26,27,28  ports r=127.0.0.1:31000-31015 s=31116 (span=16) inflight=1200

>>> netpoll : 4 cores, flood inflight=1200 junk=93%
   4 cores: CPU=4.25 cores used, conn/s=116,457 (junk=2,058,346 real=154,361 errs=0)
   conn/s per core used = 27,402
     Go scheduler                         2.0%  #
     kernel lock contention (osq/spin)    4.5%  ##
     netpoller/epoll                      1.1%  
     syscall transition                   6.2%  ###
     io_uring                             0.0%  
     GC                                   2.0%  
     kernel TCP/net                      66.4%  #################################
     relay code                          16.7%  ########
     other                                0.9%  

>>> uring : 4 cores, flood inflight=1200 junk=93%
   4 cores: CPU=4.39 cores used, conn/s=206,517 (junk=3,649,440 real=274,397 errs=0)
   conn/s per core used = 47,043
     Go scheduler                         0.4%  
     kernel lock contention (osq/spin)    7.3%  ###
     netpoller/epoll                      0.0%  
     syscall transition                   0.3%  
     io_uring                             0.0%  
     GC                                   0.1%  
     kernel TCP/net                      86.9%  ###########################################
     relay code                           3.5%  #
     other                                1.6%  
=== results in /root/dev/flash-relay/research/gate/results/sat-fast-110048/n4 ===
