MULTI-CORE TEST  N=1 cores  flood inflight=500 junk=93%  loopback  2026-07-26T10:40:19Z
relay cores=0 sink=20 loadgen=21,22  ports r=127.0.0.1:31000-31015 s=31116 (span=16) inflight=500

>>> netpoll : 1 cores, flood inflight=500 junk=93%
   1 cores: CPU=1.09 cores used, conn/s=33,566 (junk=593,055 real=44,706 errs=0)
   conn/s per core used = 30,795
     Go scheduler                         1.8%  
     kernel lock contention (osq/spin)    4.3%  ##
     netpoller/epoll                      1.0%  
     syscall transition                   6.5%  ###
     io_uring                             0.0%  
     GC                                   1.9%  
     kernel TCP/net                      68.6%  ##################################
     relay code                          14.9%  #######
     other                                1.0%  

>>> uring : 1 cores, flood inflight=500 junk=93%
   1 cores: CPU=1.06 cores used, conn/s=37,288 (junk=658,791 real=49,673 errs=0)
   conn/s per core used = 35,177
     Go scheduler                         0.3%  
     kernel lock contention (osq/spin)    7.4%  ###
     netpoller/epoll                      0.0%  
     syscall transition                   0.5%  
     io_uring                             0.0%  
     GC                                   0.0%  
     kernel TCP/net                      87.8%  ###########################################
     relay code                           3.1%  #
     other                                1.4%  
=== results in /root/dev/flash-relay/research/gate/results/sat-104016/n1 ===
