MULTI-CORE TEST  N=16 cores  flood inflight=500 junk=93%  loopback  2026-07-26T10:43:56Z
relay cores=0,1,2,3,4,5,6,7,8,9,10,11,12,13,14,15 sink=20 loadgen=21,22,23,24,25,26,27,28,29,30,31,32,33,34,35,36,37,38,39  ports r=127.0.0.1:31000-31015 s=31116 (span=16) inflight=500

>>> netpoll : 16 cores, flood inflight=500 junk=93%
   16 cores: CPU=16.93 cores used, conn/s=234,088 (junk=4,136,091 real=311,587 errs=0)
   conn/s per core used = 13,827
     Go scheduler                         1.4%  
     kernel lock contention (osq/spin)   35.1%  #################
     netpoller/epoll                      1.3%  
     syscall transition                   3.6%  #
     io_uring                             0.0%  
     GC                                   1.8%  
     kernel TCP/net                      45.0%  ######################
     relay code                          10.8%  #####
     other                                0.5%  

>>> uring : 16 cores, flood inflight=500 junk=93%
   16 cores: CPU=10.35 cores used, conn/s=245,521 (junk=4,337,929 real=326,980 errs=0)
   conn/s per core used = 23,722
     Go scheduler                         0.9%  
     kernel lock contention (osq/spin)    7.9%  ###
     netpoller/epoll                      0.0%  
     syscall transition                   2.2%  #
     io_uring                             0.2%  
     GC                                   0.1%  
     kernel TCP/net                      83.8%  #########################################
     relay code                           3.7%  #
     other                                0.9%  
=== results in /root/dev/flash-relay/research/gate/results/sat-104016/n16 ===
